{
  "action_inputs": {
    "N_initial": -60.0,
    "V_minus": 0.82485,
    "V_plus": 1.27485,
    "a": 0.01,
    "b": 0.03,
    "c": 0.01,
    "kappa": 10.0,
    "rho_m0": 0.9,
    "rho_r0": 0.0003
  },
  "all_checks_pass": true,
  "binding_caveat": "the action coefficients, state, metric, H0, Planck normalization, photon/recombination layer and ordering event are calibrated inputs; only the named conditional completion is tested",
  "checks": {
    "background_DOP853_Radau_tau_agree_below_5e_minus_13": true,
    "background_positive_F": true,
    "background_positive_H2": true,
    "background_positive_friedmann_denominator": true,
    "background_positive_response_determinant": true,
    "growth_solvers_success": true,
    "sound_horizon_positive": true
  },
  "conditional_assumptions": {
    "distances": "Jordan photon metric equals the background metric; c_gamma=c; redshift 1+z=a^-1",
    "growth": "conserved pressureless Jordan matter; quasistatic subhorizon limit; no exchange or mixing source; scale-independent massless scalar response normalized today, mu_QS=F0/F; no nonlinear/bias likelihood",
    "reference_comparator": "flat radiation+matter+constant-source background using the same derived present dimensionless density fractions; this comparator is not inserted into the ECT solve",
    "sound_horizon": {
      "Omega_b": 0.0493,
      "Omega_gamma": 5.45e-05,
      "physical_photon_metric": "same as background metric",
      "recombination_status": "standard illustrative input, not derived from ECT",
      "z_drag": 1059.94
    }
  },
  "date": "2026-07-18",
  "derived_today": {
    "F": 1.0000726017202783,
    "H_in_reference_units": 1.0000184798932972,
    "Omega_Lambda_reference_comparator": 0.6999328767138558,
    "Omega_m0_reference_comparator": 0.29996713424139704,
    "Omega_r0_reference_comparator": 9.998904474713234e-05,
    "dq_dN": 0.0003122511207391123,
    "q": 0.0072599084900935,
    "tau_2s_H2s0_Delta_t": 0.9636867786415146
  },
  "formation_intervals": [
    {
      "H0_delta_t": 0.051355165977336005,
      "delta_t_Gyr_H0_67.4": 0.7450249530528937,
      "delta_t_Gyr_H0_73.04": 0.6874956439726868,
      "z_formation": 10.0,
      "z_observed": 4.9
    },
    {
      "H0_delta_t": 0.03339685047314967,
      "delta_t_Gyr_H0_67.4": 0.48449822880240545,
      "delta_t_Gyr_H0_73.04": 0.4470862626133916,
      "z_formation": 14.32,
      "z_observed": 7.0
    },
    {
      "H0_delta_t": 0.020655949370801972,
      "delta_t_Gyr_H0_67.4": 0.299662116115762,
      "delta_t_Gyr_H0_73.04": 0.2765228179929129,
      "z_formation": 20.0,
      "z_observed": 10.0
    },
    {
      "H0_delta_t": 0.0076265159832384685,
      "delta_t_Gyr_H0_67.4": 0.11064017814443308,
      "delta_t_Gyr_H0_73.04": 0.10209676898870194,
      "z_formation": 20.0,
      "z_observed": 14.32
    }
  ],
  "rows": [
    {
      "D_reference_normalized": 1.0,
      "D_two_slope_normalized": 1.0,
      "E_reference": 1.0,
      "E_two_slope": 1.0,
      "F_over_F0": 1.0,
      "H0_chi_over_c_reference": 0.0,
      "H0_chi_over_c_two_slope": 0.0,
      "H0_lookback_two_slope": 0.0,
      "H0_t_reference": 0.9636863877646973,
      "H0_t_two_slope": 0.9636867786415146,
      "delta_D_percent": 0.0,
      "delta_E_percent": 0.0,
      "delta_chi_percent": 0.0,
      "f_reference": 0.5127422393891854,
      "f_two_slope": 0.5127433696628512,
      "w_eff_reference": -0.6998995470322734,
      "w_eff_two_slope": -0.6999033861039299,
      "z": 0.0
    },
    {
      "D_reference_normalized": 0.7732136749838099,
      "D_two_slope_normalized": 0.7732128697917215,
      "E_reference": 1.308750606233901,
      "E_two_slope": 1.3087481406687802,
      "F_over_F0": 0.9999980682201642,
      "H0_chi_over_c_reference": 0.44096536153236277,
      "H0_chi_over_c_two_slope": 0.4409658361966991,
      "H0_lookback_two_slope": 0.3608445172099909,
      "H0_t_reference": 0.6028422356117467,
      "H0_t_two_slope": 0.6028422614315238,
      "delta_D_percent": -0.00010413577958834352,
      "delta_E_percent": -0.0001883907529087736,
      "delta_chi_percent": 0.00010764209112945622,
      "f_reference": 0.7490496741806154,
      "f_two_slope": 0.7490538056841483,
      "w_eff_reference": -0.40854311360987006,
      "w_eff_two_slope": -0.40854478789838233,
      "z": 0.5
    },
    {
      "D_reference_normalized": 0.6118738002382867,
      "D_two_slope_normalized": 0.6118722643461841,
      "E_reference": 1.7610422412199505,
      "E_two_slope": 1.761038703866375,
      "F_over_F0": 0.9999959762068191,
      "H0_chi_over_c_reference": 0.7713592973466848,
      "H0_chi_over_c_two_slope": 0.7713604475133058,
      "H0_lookback_two_slope": 0.5522984400846318,
      "H0_t_reference": 0.4113887035876269,
      "H0_t_two_slope": 0.41138833855688284,
      "delta_D_percent": -0.00025101452325593243,
      "delta_E_percent": -0.00020086704864974436,
      "delta_chi_percent": 0.00014910906303011728,
      "f_reference": 0.8689673920888429,
      "f_two_slope": 0.8689733242630501,
      "w_eff_reference": -0.2255204005034127,
      "w_eff_two_slope": -0.22551937691934054,
      "z": 1.0
    },
    {
      "D_reference_normalized": 0.4215694305362051,
      "D_two_slope_normalized": 0.4215672491473494,
      "E_reference": 2.9676833749333995,
      "E_two_slope": 2.967681465436593,
      "F_over_F0": 0.999992409757766,
      "H0_chi_over_c_reference": 1.2092726236474252,
      "H0_chi_over_c_two_slope": 1.209274405459416,
      "H0_lookback_two_slope": 0.7330117380924999,
      "H0_t_reference": 0.2306756745736887,
      "H0_t_two_slope": 0.23067504054901472,
      "delta_D_percent": -0.00051744474283133,
      "delta_E_percent": -6.434300985347363e-05,
      "delta_chi_percent": 0.0001473457643896836,
      "f_reference": 0.9551532984848613,
      "f_two_slope": 0.9551602601545373,
      "w_eff_reference": -0.0791667677863197,
      "w_eff_two_slope": -0.07916370237678427,
      "z": 2.0
    },
    {
      "D_reference_normalized": 0.21733047428157803,
      "D_two_slope_normalized": 0.2173283115463912,
      "E_reference": 7.901141896916063,
      "E_two_slope": 7.901163978829191,
      "F_over_F0": 0.9999858594741401,
      "H0_chi_over_c_reference": 1.802429252602431,
      "H0_chi_over_c_two_slope": 1.8024304644930895,
      "H0_lookback_two_slope": 0.8791464197707296,
      "H0_t_reference": 0.08454088026756268,
      "H0_t_two_slope": 0.08454035887078504,
      "delta_D_percent": -0.0009951366433891273,
      "delta_E_percent": 0.0002794774909276043,
      "delta_chi_percent": 6.723651742035486e-05,
      "f_reference": 0.9925850282057548,
      "f_two_slope": 0.9925920778106531,
      "w_eff_reference": -0.01056490102423202,
      "w_eff_two_slope": -0.010561443930453773,
      "z": 4.9
    },
    {
      "D_reference_normalized": 0.16055111929201826,
      "D_two_slope_normalized": 0.16054917829107676,
      "E_reference": 12.437550431479394,
      "E_two_slope": 12.437604698144398,
      "F_over_F0": 0.9999828461297424,
      "H0_chi_over_c_reference": 2.0137035068818943,
      "H0_chi_over_c_two_slope": 2.013703966369282,
      "H0_lookback_two_slope": 0.9101341686624794,
      "H0_t_reference": 0.0535530222470769,
      "H0_t_two_slope": 0.0535526099790352,
      "delta_D_percent": -0.0012089613265042765,
      "delta_E_percent": 0.0004363131253404262,
      "delta_chi_percent": 2.2818025890991578e-05,
      "f_reference": 0.9957994344641642,
      "f_two_slope": 0.9958064297951875,
      "w_eff_reference": -0.0036421540509635753,
      "w_eff_two_slope": -0.0036387441434616585,
      "z": 7.0
    },
    {
      "D_reference_normalized": 0.11689899741900493,
      "D_two_slope_normalized": 0.11689732479198822,
      "E_reference": 20.03547174778164,
      "E_two_slope": 20.035591593135184,
      "F_over_F0": 0.9999796880517169,
      "H0_chi_over_c_reference": 2.2031677302533383,
      "H0_chi_over_c_two_slope": 2.2031672135004525,
      "H0_lookback_two_slope": 0.9305015857480656,
      "H0_t_reference": 0.03318550108512177,
      "H0_t_two_slope": 0.03318519289344903,
      "delta_D_percent": -0.0014308309340904657,
      "delta_E_percent": 0.0005981658682818747,
      "delta_chi_percent": -2.3454995223826103e-05,
      "f_reference": 0.9967021333648005,
      "f_two_slope": 0.9967090718795707,
      "w_eff_reference": -0.0005280079243655811,
      "w_eff_two_slope": -0.0005246385556434419,
      "z": 10.0
    },
    {
      "D_reference_normalized": 0.08402853982758249,
      "D_two_slope_normalized": 0.084027145335766,
      "E_reference": 32.936027507872105,
      "E_two_slope": 32.93627942926103,
      "F_over_F0": 0.999976405362226,
      "H0_chi_over_c_reference": 2.3707738148789774,
      "H0_chi_over_c_two_slope": 2.37077215953685,
      "H0_lookback_two_slope": 0.9435310191356291,
      "H0_t_reference": 0.020155979780912835,
      "H0_t_two_slope": 0.02015575950588553,
      "delta_D_percent": -0.0016595454584322766,
      "delta_E_percent": 0.0007648809160709646,
      "delta_chi_percent": -6.982286192558362e-05,
      "f_reference": 0.9964615327227797,
      "f_two_slope": 0.9964683987095829,
      "w_eff_reference": 0.0010472518419988308,
      "w_eff_two_slope": 0.0010505949849435314,
      "z": 14.32
    },
    {
      "D_reference_normalized": 0.06137628296454832,
      "D_two_slope_normalized": 0.0613751324747607,
      "E_reference": 52.89746243911669,
      "E_two_slope": 52.89795049265718,
      "F_over_F0": 0.9999732878270774,
      "H0_chi_over_c_reference": 2.50643903589463,
      "H0_chi_over_c_two_slope": 2.5064362386151915,
      "H0_lookback_two_slope": 0.9511575351188676,
      "H0_t_reference": 0.012529399916815245,
      "H0_t_two_slope": 0.012529243522647062,
      "delta_D_percent": -0.0018744859285213522,
      "delta_E_percent": 0.0009226407430285022,
      "delta_chi_percent": -0.00011160372936913632,
      "f_reference": 0.9956692997846173,
      "f_two_slope": 0.9956760551478716,
      "w_eff_reference": 0.002066391874733897,
      "w_eff_two_slope": 0.002069719729476782,
      "z": 20.0
    }
  ],
  "runtime": {
    "numpy": "2.1.2",
    "python": "3.12.6",
    "scipy": "1.14.1"
  },
  "sound_horizon_dimensionless": {
    "H0_r_s_over_c_reference": 0.032727181384878366,
    "H0_r_s_over_c_two_slope": 0.032726148033895446,
    "delta_percent": -0.0031574701492620427
  },
  "status": "Level A background inside the supplied scalar-tensor action; Level C conditional observable estimates; not a unique ECT prediction",
  "unit_conversions": {
    "H0_67.40": {
      "H0_km_s_Mpc": 67.4,
      "age_today_Gyr": 13.980496087422692,
      "c_over_H0_Mpc": 4447.959317507418,
      "jwst_cosmic_ages_Gyr": {
        "z=10.00": 0.48142764816307215,
        "z=14.32": 0.2924057101917433,
        "z=20.00": 0.1817655320473102,
        "z=4.90": 1.226452601215966,
        "z=7.00": 0.7769039389941488
      },
      "r_s_conditional_Mpc": 145.5645750734923,
      "r_s_reference_same_inputs_Mpc": 145.56917137662504
    },
    "H0_73.04": {
      "H0_km_s_Mpc": 73.04,
      "age_today_Gyr": 12.900950661175921,
      "c_over_H0_Mpc": 4104.4969605695505,
      "jwst_cosmic_ages_Gyr": {
        "z=10.00": 0.44425278595551837,
        "z=14.32": 0.26982673695130743,
        "z=20.00": 0.1677299679626055,
        "z=4.90": 1.131748429928205,
        "z=7.00": 0.7169129995646991
      },
      "r_s_conditional_Mpc": 134.32437513627303,
      "r_s_reference_same_inputs_Mpc": 134.32861652224162
    }
  }
}
